Starting parse
Entering state 0
Reading a token
Next token is token MODULE (1.1: )
Reducing stack 0 by rule 1034 (line 2824):
-> $$ = nterm timeunits_declaration_optional (1.1: )
Entering state 5
Reducing stack 0 by rule 8 (line 168):
-> $$ = nterm description_list (1.1: )
Entering state 11
Next token is token MODULE (1.1: )
Shifting token MODULE (1.1: )
Entering state 23
Reducing stack 0 by rule 16 (line 188):
   $1 = token MODULE (1.1: )
-> $$ = nterm module_keyword (1.1: )
Entering state 86
Reading a token
Next token is token simple_identifier (1.1: )
Reducing stack 0 by rule 1032 (line 2801):
-> $$ = nterm lifetime_optional (1.1: )
Entering state 171
Next token is token simple_identifier (1.1: )
Shifting token simple_identifier (1.1: )
Entering state 77
Reducing stack 0 by rule 854 (line 2362):
   $1 = token simple_identifier (1.1: )
-> $$ = nterm identifier (1.1: )
Entering state 334
Reducing stack 0 by rule 207 (line 655):
-> $$ = nterm package_import_declaration_list (1.1: )
Entering state 621
Reading a token
Next token is token IMPORT (1.1: )
Shifting token IMPORT (1.1: )
Entering state 30
Reading a token
Next token is token ps_identifier_tok (1.1: )
Shifting token ps_identifier_tok (1.1: )
Entering state 134
Reading a token
Next token is token simple_identifier (1.1: )
Shifting token simple_identifier (1.1: )
Entering state 77
Reducing stack 0 by rule 854 (line 2362):
   $1 = token simple_identifier (1.1: )
-> $$ = nterm identifier (1.1: )
Entering state 167
Reducing stack 0 by rule 856 (line 2367):
   $1 = token ps_identifier_tok (1.1: )
   $2 = nterm identifier (1.1: )
-> $$ = nterm ps_identifier (1.1: )
Entering state 136
Reducing stack 0 by rule 208 (line 659):
   $1 = nterm ps_identifier (1.1: )
-> $$ = nterm package_import_item (1.1: )
Entering state 135
Reducing stack 0 by rule 1028 (line 2791):
   $1 = nterm package_import_item (1.1: )
-> $$ = nterm package_import_item_list (1.1: )
Entering state 137
Reading a token
Next token is token ';' (1.1: )
Shifting token ';' (1.1: )
Entering state 212
Reducing stack 0 by rule 205 (line 650):
   $1 = token IMPORT (1.1: )
   $2 = nterm package_import_item_list (1.1: )
   $3 = token ';' (1.1: )
-> $$ = nterm package_import_declaration (1.1: )
Entering state 751
Reducing stack 0 by rule 206 (line 654):
   $1 = nterm package_import_declaration_list (1.1: )
   $2 = nterm package_import_declaration (1.1: )
-> $$ = nterm package_import_declaration_list (1.1: )
Entering state 621
Reading a token
Next token is token '#' (1.1: )
Shifting token '#' (1.1: )
Entering state 489
Reading a token
Next token is token '(' (1.1: )
Shifting token '(' (1.1: )
Entering state 832
Reading a token
Next token is token PARAMETER (1.1: )
Shifting token PARAMETER (1.1: )
Entering state 1169
Reading a token
Next token is token INT (1.1: )
Shifting token INT (1.1: )
Entering state 48
Reducing stack 0 by rule 241 (line 735):
   $1 = token INT (1.1: )
-> $$ = nterm integer_atom_type (1.1: )
Entering state 104
Reading a token
Next token is token simple_identifier (1.1: )
Reducing stack 0 by rule 936 (line 2575):
-> $$ = nterm signing_optional (1.1: )
Entering state 179
Reducing stack 0 by rule 924 (line 2554):
   $1 = nterm integer_atom_type (1.1: )
   $2 = nterm signing_optional (1.1: )
-> $$ = nterm data_type_no_identifier (1.1: )
Entering state 117
Reducing stack 0 by rule 228 (line 708):
   $1 = nterm data_type_no_identifier (1.1: )
-> $$ = nterm data_type (1.1: )
Entering state 1477
Reducing stack 0 by rule 233 (line 716):
   $1 = token PARAMETER (1.1: )
   $2 = nterm data_type (1.1: )
-> $$ = nterm data_type_or_param (1.1: )
Entering state 1174
Next token is token simple_identifier (1.1: )
Shifting token simple_identifier (1.1: )
Entering state 77
Reducing stack 0 by rule 854 (line 2362):
   $1 = token simple_identifier (1.1: )
-> $$ = nterm identifier (1.1: )
Entering state 224
Reading a token
Next token is token '=' (1.1: )
Shifting token '=' (1.1: )
Entering state 226
Reading a token
Next token is token unsigned_number (1.1: )
Shifting token unsigned_number (1.1: )
Entering state 389
Reading a token
Next token is token ',' (1.1: )
Reducing stack 0 by rule 838 (line 2285):
   $1 = token unsigned_number (1.1: )
-> $$ = nterm primary_literal (1.1: )
Entering state 423
Next token is token ',' (1.1: )
Reducing stack 0 by rule 821 (line 2259):
   $1 = nterm primary_literal (1.1: )
-> $$ = nterm primary (1.1: )
Entering state 422
Reducing stack 0 by rule 764 (line 2172):
   $1 = nterm primary (1.1: )
-> $$ = nterm expression (1.1: )
Entering state 458
Next token is token ',' (1.1: )
Reducing stack 0 by rule 815 (line 2238):
   $1 = nterm expression (1.1: )
-> $$ = nterm mintypmax_expression (1.1: )
Entering state 459
Reducing stack 0 by rule 761 (line 2161):
   $1 = nterm mintypmax_expression (1.1: )
-> $$ = nterm constant_param_expression (1.1: )
Entering state 457
Reducing stack 0 by rule 311 (line 898):
   $1 = nterm identifier (1.1: )
   $2 = token '=' (1.1: )
   $3 = nterm constant_param_expression (1.1: )
-> $$ = nterm param_assignment (1.1: )
Entering state 1480
Reducing stack 0 by rule 51 (line 280):
   $1 = nterm data_type_or_param (1.1: )
   $2 = nterm param_assignment (1.1: )
-> $$ = nterm parameter_port_declaration (1.1: )
Entering state 1171
Reducing stack 0 by rule 56 (line 288):
   $1 = nterm parameter_port_declaration (1.1: )
-> $$ = nterm parameter_port_declaration_list (1.1: )
Entering state 1172
Next token is token ',' (1.1: )
Shifting token ',' (1.1: )
Entering state 1478
Reading a token
Next token is token TYPE (1.1: )
Shifting token TYPE (1.1: )
Entering state 1167
Reading a token
Next token is token simple_identifier (1.1: )
Shifting token simple_identifier (1.1: )
Entering state 77
Reducing stack 0 by rule 854 (line 2362):
   $1 = token simple_identifier (1.1: )
-> $$ = nterm identifier (1.1: )
Entering state 222
Reading a token
Next token is token '=' (1.1: )
Shifting token '=' (1.1: )
Entering state 455
Reading a token
Next token is token INT (1.1: )
Shifting token INT (1.1: )
Entering state 48
Reducing stack 0 by rule 241 (line 735):
   $1 = token INT (1.1: )
-> $$ = nterm integer_atom_type (1.1: )
Entering state 104
Reading a token
Next token is token ')' (1.1: )
Reducing stack 0 by rule 936 (line 2575):
-> $$ = nterm signing_optional (1.1: )
Entering state 179
Reducing stack 0 by rule 924 (line 2554):
   $1 = nterm integer_atom_type (1.1: )
   $2 = nterm signing_optional (1.1: )
-> $$ = nterm data_type_no_identifier (1.1: )
Entering state 117
Reducing stack 0 by rule 228 (line 708):
   $1 = nterm data_type_no_identifier (1.1: )
-> $$ = nterm data_type (1.1: )
Entering state 766
Reducing stack 0 by rule 315 (line 908):
   $1 = nterm identifier (1.1: )
   $2 = token '=' (1.1: )
   $3 = nterm data_type (1.1: )
-> $$ = nterm type_assignment (1.1: )
Entering state 1473
Reducing stack 0 by rule 54 (line 283):
   $1 = token TYPE (1.1: )
   $2 = nterm type_assignment (1.1: )
-> $$ = nterm parameter_port_declaration (1.1: )
Entering state 1689
Reducing stack 0 by rule 55 (line 287):
   $1 = nterm parameter_port_declaration_list (1.1: )
   $2 = token ',' (1.1: )
   $3 = nterm parameter_port_declaration (1.1: )
-> $$ = nterm parameter_port_declaration_list (1.1: )
Entering state 1172
Next token is token ')' (1.1: )
Shifting token ')' (1.1: )
Entering state 1479
Reducing stack 0 by rule 47 (line 268):
   $1 = token '#' (1.1: )
   $2 = token '(' (1.1: )
   $3 = nterm parameter_port_declaration_list (1.1: )
   $4 = token ')' (1.1: )
-> $$ = nterm parameter_port_list (1.1: )
Entering state 749
Reducing stack 0 by rule 49 (line 273):
   $1 = nterm parameter_port_list (1.1: )
-> $$ = nterm parameter_port_list_optional (1.1: )
Entering state 974
Reading a token
Next token is token '(' (1.1: )
Shifting token '(' (1.1: )
Entering state 1309
Reading a token
Next token is token INPUT (1.1: )
Shifting token INPUT (1.1: )
Entering state 754
Reducing stack 0 by rule 66 (line 310):
   $1 = token INPUT (1.1: )
-> $$ = nterm port_direction (1.1: )
Entering state 1366
Reading a token
Next token is token LOGIC (1.1: )
Shifting token LOGIC (1.1: )
Entering state 53
Reducing stack 0 by rule 246 (line 743):
   $1 = token LOGIC (1.1: )
-> $$ = nterm integer_vector_type (1.1: )
Entering state 105
Reading a token
Next token is token simple_identifier (1.1: )
Reducing stack 0 by rule 936 (line 2575):
-> $$ = nterm signing_optional (1.1: )
Entering state 180
Next token is token simple_identifier (1.1: )
Reducing stack 0 by rule 938 (line 2580):
-> $$ = nterm packed_dimension_list_optional (1.1: )
Entering state 360
Reducing stack 0 by rule 923 (line 2553):
   $1 = nterm integer_vector_type (1.1: )
   $2 = nterm signing_optional (1.1: )
   $3 = nterm packed_dimension_list_optional (1.1: )
-> $$ = nterm data_type_no_identifier (1.1: )
Entering state 117
Reducing stack 0 by rule 228 (line 708):
   $1 = nterm data_type_no_identifier (1.1: )
-> $$ = nterm data_type (1.1: )
Entering state 503
Reducing stack 0 by rule 265 (line 775):
   $1 = nterm data_type (1.1: )
-> $$ = nterm variable_port_type (1.1: )
Entering state 1621
Reducing stack 0 by rule 72 (line 322):
   $1 = nterm port_direction (1.1: )
   $2 = nterm variable_port_type (1.1: )
-> $$ = nterm variable_port_header (1.1: )
Entering state 1368
Next token is token simple_identifier (1.1: )
Shifting token simple_identifier (1.1: )
Entering state 77
Reducing stack 0 by rule 854 (line 2362):
   $1 = token simple_identifier (1.1: )
-> $$ = nterm identifier (1.1: )
Entering state 1623
Reading a token
Next token is token ',' (1.1: )
Reducing stack 0 by rule 908 (line 2521):
-> $$ = nterm variable_dimension_list_optional (1.1: )
Entering state 1794
Next token is token ',' (1.1: )
Reducing stack 0 by rule 77 (line 330):
   $1 = nterm variable_port_header (1.1: )
   $2 = nterm identifier (1.1: )
   $3 = nterm variable_dimension_list_optional (1.1: )
-> $$ = nterm ansi_port_declaration (1.1: )
Entering state 1369
Reducing stack 0 by rule 81 (line 337):
   $1 = nterm ansi_port_declaration (1.1: )
-> $$ = nterm ansi_port_declaration_list (1.1: )
Entering state 1370
Next token is token ',' (1.1: )
Shifting token ',' (1.1: )
Entering state 1624
Reading a token
Next token is token INPUT (1.1: )
Shifting token INPUT (1.1: )
Entering state 754
Reducing stack 0 by rule 66 (line 310):
   $1 = token INPUT (1.1: )
-> $$ = nterm port_direction (1.1: )
Entering state 1366
Reading a token
Next token is token LOGIC (1.1: )
Shifting token LOGIC (1.1: )
Entering state 53
Reducing stack 0 by rule 246 (line 743):
   $1 = token LOGIC (1.1: )
-> $$ = nterm integer_vector_type (1.1: )
Entering state 105
Reading a token
Next token is token simple_identifier (1.1: )
Reducing stack 0 by rule 936 (line 2575):
-> $$ = nterm signing_optional (1.1: )
Entering state 180
Next token is token simple_identifier (1.1: )
Reducing stack 0 by rule 938 (line 2580):
-> $$ = nterm packed_dimension_list_optional (1.1: )
Entering state 360
Reducing stack 0 by rule 923 (line 2553):
   $1 = nterm integer_vector_type (1.1: )
   $2 = nterm signing_optional (1.1: )
   $3 = nterm packed_dimension_list_optional (1.1: )
-> $$ = nterm data_type_no_identifier (1.1: )
Entering state 117
Reducing stack 0 by rule 228 (line 708):
   $1 = nterm data_type_no_identifier (1.1: )
-> $$ = nterm data_type (1.1: )
Entering state 503
Reducing stack 0 by rule 265 (line 775):
   $1 = nterm data_type (1.1: )
-> $$ = nterm variable_port_type (1.1: )
Entering state 1621
Reducing stack 0 by rule 72 (line 322):
   $1 = nterm port_direction (1.1: )
   $2 = nterm variable_port_type (1.1: )
-> $$ = nterm variable_port_header (1.1: )
Entering state 1368
Next token is token simple_identifier (1.1: )
Shifting token simple_identifier (1.1: )
Entering state 77
Reducing stack 0 by rule 854 (line 2362):
   $1 = token simple_identifier (1.1: )
-> $$ = nterm identifier (1.1: )
Entering state 1623
Reading a token
Next token is token ',' (1.1: )
Reducing stack 0 by rule 908 (line 2521):
-> $$ = nterm variable_dimension_list_optional (1.1: )
Entering state 1794
Next token is token ',' (1.1: )
Reducing stack 0 by rule 77 (line 330):
   $1 = nterm variable_port_header (1.1: )
   $2 = nterm identifier (1.1: )
   $3 = nterm variable_dimension_list_optional (1.1: )
-> $$ = nterm ansi_port_declaration (1.1: )
Entering state 1796
Reducing stack 0 by rule 80 (line 336):
   $1 = nterm ansi_port_declaration_list (1.1: )
   $2 = token ',' (1.1: )
   $3 = nterm ansi_port_declaration (1.1: )
-> $$ = nterm ansi_port_declaration_list (1.1: )
Entering state 1370
Next token is token ',' (1.1: )
Shifting token ',' (1.1: )
Entering state 1624
Reading a token
Next token is token OUTPUT (1.1: )
Shifting token OUTPUT (1.1: )
Entering state 755
Reducing stack 0 by rule 67 (line 311):
   $1 = token OUTPUT (1.1: )
-> $$ = nterm port_direction (1.1: )
Entering state 1366
Reading a token
Next token is token INT (1.1: )
Shifting token INT (1.1: )
Entering state 48
Reducing stack 0 by rule 241 (line 735):
   $1 = token INT (1.1: )
-> $$ = nterm integer_atom_type (1.1: )
Entering state 104
Reading a token
Next token is token simple_identifier (1.1: )
Reducing stack 0 by rule 936 (line 2575):
-> $$ = nterm signing_optional (1.1: )
Entering state 179
Reducing stack 0 by rule 924 (line 2554):
   $1 = nterm integer_atom_type (1.1: )
   $2 = nterm signing_optional (1.1: )
-> $$ = nterm data_type_no_identifier (1.1: )
Entering state 117
Reducing stack 0 by rule 228 (line 708):
   $1 = nterm data_type_no_identifier (1.1: )
-> $$ = nterm data_type (1.1: )
Entering state 503
Reducing stack 0 by rule 265 (line 775):
   $1 = nterm data_type (1.1: )
-> $$ = nterm variable_port_type (1.1: )
Entering state 1621
Reducing stack 0 by rule 72 (line 322):
   $1 = nterm port_direction (1.1: )
   $2 = nterm variable_port_type (1.1: )
-> $$ = nterm variable_port_header (1.1: )
Entering state 1368
Next token is token simple_identifier (1.1: )
Shifting token simple_identifier (1.1: )
Entering state 77
Reducing stack 0 by rule 854 (line 2362):
   $1 = token simple_identifier (1.1: )
-> $$ = nterm identifier (1.1: )
Entering state 1623
Reading a token
Next token is token ')' (1.1: )
Reducing stack 0 by rule 908 (line 2521):
-> $$ = nterm variable_dimension_list_optional (1.1: )
Entering state 1794
Next token is token ')' (1.1: )
Reducing stack 0 by rule 77 (line 330):
   $1 = nterm variable_port_header (1.1: )
   $2 = nterm identifier (1.1: )
   $3 = nterm variable_dimension_list_optional (1.1: )
-> $$ = nterm ansi_port_declaration (1.1: )
Entering state 1796
Reducing stack 0 by rule 80 (line 336):
   $1 = nterm ansi_port_declaration_list (1.1: )
   $2 = token ',' (1.1: )
   $3 = nterm ansi_port_declaration (1.1: )
-> $$ = nterm ansi_port_declaration_list (1.1: )
Entering state 1370
Next token is token ')' (1.1: )
Shifting token ')' (1.1: )
Entering state 1625
Reducing stack 0 by rule 58 (line 296):
   $1 = token '(' (1.1: )
   $2 = nterm ansi_port_declaration_list (1.1: )
   $3 = token ')' (1.1: )
-> $$ = nterm port_declaration_list (1.1: )
Entering state 1311
Reading a token
Next token is token ';' (1.1: )
Shifting token ';' (1.1: )
Entering state 1581
Reducing stack 0 by rule 11 (line 177):
   $1 = nterm module_keyword (1.1: )
   $2 = nterm lifetime_optional (1.1: )
   $3 = nterm identifier (1.1: )
   $4 = nterm package_import_declaration_list (1.1: )
   $5 = nterm parameter_port_list_optional (1.1: )
   $6 = nterm port_declaration_list (1.1: )
   $7 = token ';' (1.1: )
-> $$ = nterm module_ansi_header (1.1: )
Entering state 84
Reducing stack 0 by rule 112 (line 396):
-> $$ = nterm non_port_module_item_list (1.1: )
Entering state 170
Reading a token
Next token is token TIMEUNIT (1.1: )
Shifting token TIMEUNIT (1.1: )
Entering state 1
Reading a token
Next token is token unsigned_number (1.1: )
Shifting token unsigned_number (1.1: )
Entering state 6
Reading a token
Next token is token PS (1.1: )
Shifting token PS (1.1: )
Entering state 12
Reducing stack 0 by rule 845 (line 2301):
   $1 = token PS (1.1: )
-> $$ = nterm time_unit (1.1: )
Entering state 18
Reducing stack 0 by rule 839 (line 2290):
   $1 = token unsigned_number (1.1: )
   $2 = nterm time_unit (1.1: )
-> $$ = nterm time_literal (1.1: )
Entering state 8
Reading a token
Next token is token TOK_DIV (1.1: )
Shifting token TOK_DIV (1.1: )
Entering state 20
Reading a token
Next token is token unsigned_number (1.1: )
Shifting token unsigned_number (1.1: )
Entering state 6
Reading a token
Next token is token PS (1.1: )
Shifting token PS (1.1: )
Entering state 12
Reducing stack 0 by rule 845 (line 2301):
   $1 = token PS (1.1: )
-> $$ = nterm time_unit (1.1: )
Entering state 18
Reducing stack 0 by rule 839 (line 2290):
   $1 = token unsigned_number (1.1: )
   $2 = nterm time_unit (1.1: )
-> $$ = nterm time_literal (1.1: )
Entering state 124
Reading a token
Next token is token ';' (1.1: )
Shifting token ';' (1.1: )
Entering state 205
Reducing stack 0 by rule 42 (line 252):
   $1 = token TIMEUNIT (1.1: )
   $2 = nterm time_literal (1.1: )
   $3 = token TOK_DIV (1.1: )
   $4 = nterm time_literal (1.1: )
   $5 = token ';' (1.1: )
-> $$ = nterm timeunits_declaration (1.1: )
Entering state 287
Reducing stack 0 by rule 110 (line 391):
   $1 = nterm timeunits_declaration (1.1: )
-> $$ = nterm non_port_module_item (1.1: )
Entering state 333
Reducing stack 0 by rule 111 (line 395):
   $1 = nterm non_port_module_item_list (1.1: )
   $2 = nterm non_port_module_item (1.1: )
-> $$ = nterm non_port_module_item_list (1.1: )
Entering state 170
Reading a token
Next token is token ASSIGN (1.1: )
Shifting token ASSIGN (1.1: )
Entering state 271
Reading a token
Next token is token simple_identifier (1.1: )
Shifting token simple_identifier (1.1: )
Entering state 77
Reducing stack 0 by rule 854 (line 2362):
   $1 = token simple_identifier (1.1: )
-> $$ = nterm identifier (1.1: )
Entering state 162
Reading a token
Next token is token '=' (1.1: )
Reducing stack 0 by rule 904 (line 2511):
-> $$ = nterm unpacked_dimension_list_optional (1.1: )
Entering state 190
Reducing stack 0 by rule 853 (line 2358):
   $1 = nterm identifier (1.1: )
   $2 = nterm unpacked_dimension_list_optional (1.1: )
-> $$ = nterm hierarchical_identifier (1.1: )
Entering state 534
Next token is token '=' (1.1: )
Reducing stack 0 by rule 849 (line 2317):
   $1 = nterm hierarchical_identifier (1.1: )
-> $$ = nterm lvalue (1.1: )
Entering state 607
Next token is token '=' (1.1: )
Shifting token '=' (1.1: )
Entering state 948
Reading a token
Next token is token '{' (1.1: )
Shifting token '{' (1.1: )
Entering state 404
Reading a token
Next token is token '{' (1.1: )
Shifting token '{' (1.1: )
Entering state 404
Reading a token
Next token is token unsigned_number (1.1: )
Shifting token unsigned_number (1.1: )
Entering state 389
Reading a token
Next token is token '{' (1.1: )
Reducing stack 0 by rule 838 (line 2285):
   $1 = token unsigned_number (1.1: )
-> $$ = nterm primary_literal (1.1: )
Entering state 423
Next token is token '{' (1.1: )
Reducing stack 0 by rule 821 (line 2259):
   $1 = nterm primary_literal (1.1: )
-> $$ = nterm primary (1.1: )
Entering state 422
Reducing stack 0 by rule 764 (line 2172):
   $1 = nterm primary (1.1: )
-> $$ = nterm expression (1.1: )
Entering state 692
Next token is token '{' (1.1: )
Shifting token '{' (1.1: )
Entering state 1016
Reading a token
Next token is token simple_identifier (1.1: )
Shifting token simple_identifier (1.1: )
Entering state 77
Reducing stack 0 by rule 854 (line 2362):
   $1 = token simple_identifier (1.1: )
-> $$ = nterm identifier (1.1: )
Entering state 428
Reading a token
Next token is token '}' (1.1: )
Reducing stack 0 by rule 904 (line 2511):
-> $$ = nterm unpacked_dimension_list_optional (1.1: )
Entering state 190
Reducing stack 0 by rule 853 (line 2358):
   $1 = nterm identifier (1.1: )
   $2 = nterm unpacked_dimension_list_optional (1.1: )
-> $$ = nterm hierarchical_identifier (1.1: )
Entering state 427
Next token is token '}' (1.1: )
Reducing stack 0 by rule 822 (line 2260):
   $1 = nterm hierarchical_identifier (1.1: )
-> $$ = nterm primary (1.1: )
Entering state 422
Reducing stack 0 by rule 764 (line 2172):
   $1 = nterm primary (1.1: )
-> $$ = nterm expression (1.1: )
Entering state 879
Next token is token '}' (1.1: )
Reducing stack 0 by rule 1036 (line 2829):
   $1 = nterm expression (1.1: )
-> $$ = nterm concatenation_expression_list (1.1: )
Entering state 693
Next token is token '}' (1.1: )
Shifting token '}' (1.1: )
Entering state 1019
Reducing stack 0 by rule 733 (line 2040):
   $1 = token '{' (1.1: )
   $2 = nterm concatenation_expression_list (1.1: )
   $3 = token '}' (1.1: )
-> $$ = nterm concatenation (1.1: )
Entering state 1017
Reading a token
Next token is token '}' (1.1: )
Shifting token '}' (1.1: )
Entering state 1344
Reducing stack 0 by rule 734 (line 2044):
   $1 = token '{' (1.1: )
   $2 = nterm expression (1.1: )
   $3 = nterm concatenation (1.1: )
   $4 = token '}' (1.1: )
-> $$ = nterm multiple_concatenation (1.1: )
Entering state 413
Reading a token
Next token is token ',' (1.1: )
Reducing stack 0 by rule 828 (line 2266):
   $1 = nterm multiple_concatenation (1.1: )
-> $$ = nterm primary (1.1: )
Entering state 422
Reducing stack 0 by rule 764 (line 2172):
   $1 = nterm primary (1.1: )
-> $$ = nterm expression (1.1: )
Entering state 692
Next token is token ',' (1.1: )
Reducing stack 0 by rule 1036 (line 2829):
   $1 = nterm expression (1.1: )
-> $$ = nterm concatenation_expression_list (1.1: )
Entering state 693
Next token is token ',' (1.1: )
Shifting token ',' (1.1: )
Entering state 1018
Reading a token
Next token is token '{' (1.1: )
Shifting token '{' (1.1: )
Entering state 404
Reading a token
Next token is token unsigned_number (1.1: )
Shifting token unsigned_number (1.1: )
Entering state 389
Reading a token
Next token is token '{' (1.1: )
Reducing stack 0 by rule 838 (line 2285):
   $1 = token unsigned_number (1.1: )
-> $$ = nterm primary_literal (1.1: )
Entering state 423
Next token is token '{' (1.1: )
Reducing stack 0 by rule 821 (line 2259):
   $1 = nterm primary_literal (1.1: )
-> $$ = nterm primary (1.1: )
Entering state 422
Reducing stack 0 by rule 764 (line 2172):
   $1 = nterm primary (1.1: )
-> $$ = nterm expression (1.1: )
Entering state 692
Next token is token '{' (1.1: )
Shifting token '{' (1.1: )
Entering state 1016
Reading a token
Next token is token simple_identifier (1.1: )
Shifting token simple_identifier (1.1: )
Entering state 77
Reducing stack 0 by rule 854 (line 2362):
   $1 = token simple_identifier (1.1: )
-> $$ = nterm identifier (1.1: )
Entering state 428
Reading a token
Next token is token '}' (1.1: )
Reducing stack 0 by rule 904 (line 2511):
-> $$ = nterm unpacked_dimension_list_optional (1.1: )
Entering state 190
Reducing stack 0 by rule 853 (line 2358):
   $1 = nterm identifier (1.1: )
   $2 = nterm unpacked_dimension_list_optional (1.1: )
-> $$ = nterm hierarchical_identifier (1.1: )
Entering state 427
Next token is token '}' (1.1: )
Reducing stack 0 by rule 822 (line 2260):
   $1 = nterm hierarchical_identifier (1.1: )
-> $$ = nterm primary (1.1: )
Entering state 422
Reducing stack 0 by rule 764 (line 2172):
   $1 = nterm primary (1.1: )
-> $$ = nterm expression (1.1: )
Entering state 879
Next token is token '}' (1.1: )
Reducing stack 0 by rule 1036 (line 2829):
   $1 = nterm expression (1.1: )
-> $$ = nterm concatenation_expression_list (1.1: )
Entering state 693
Next token is token '}' (1.1: )
Shifting token '}' (1.1: )
Entering state 1019
Reducing stack 0 by rule 733 (line 2040):
   $1 = token '{' (1.1: )
   $2 = nterm concatenation_expression_list (1.1: )
   $3 = token '}' (1.1: )
-> $$ = nterm concatenation (1.1: )
Entering state 1017
Reading a token
Next token is token '}' (1.1: )
Shifting token '}' (1.1: )
Entering state 1344
Reducing stack 0 by rule 734 (line 2044):
   $1 = token '{' (1.1: )
   $2 = nterm expression (1.1: )
   $3 = nterm concatenation (1.1: )
   $4 = token '}' (1.1: )
-> $$ = nterm multiple_concatenation (1.1: )
Entering state 413
Reading a token
Next token is token '}' (1.1: )
Reducing stack 0 by rule 828 (line 2266):
   $1 = nterm multiple_concatenation (1.1: )
-> $$ = nterm primary (1.1: )
Entering state 422
Reducing stack 0 by rule 764 (line 2172):
   $1 = nterm primary (1.1: )
-> $$ = nterm expression (1.1: )
Entering state 1345
Next token is token '}' (1.1: )
Reducing stack 0 by rule 1035 (line 2828):
   $1 = nterm concatenation_expression_list (1.1: )
   $2 = token ',' (1.1: )
   $3 = nterm expression (1.1: )
-> $$ = nterm concatenation_expression_list (1.1: )
Entering state 693
Next token is token '}' (1.1: )
Shifting token '}' (1.1: )
Entering state 1019
Reducing stack 0 by rule 733 (line 2040):
   $1 = token '{' (1.1: )
   $2 = nterm concatenation_expression_list (1.1: )
   $3 = token '}' (1.1: )
-> $$ = nterm concatenation (1.1: )
Entering state 412
Reading a token
Next token is token ';' (1.1: )
Reducing stack 0 by rule 826 (line 2264):
   $1 = nterm concatenation (1.1: )
-> $$ = nterm primary (1.1: )
Entering state 422
Reducing stack 0 by rule 764 (line 2172):
   $1 = nterm primary (1.1: )
-> $$ = nterm expression (1.1: )
Entering state 1276
Next token is token ';' (1.1: )
Reducing stack 0 by rule 575 (line 1603):
   $1 = nterm lvalue (1.1: )
   $2 = token '=' (1.1: )
   $3 = nterm expression (1.1: )
-> $$ = nterm variable_assignment (1.1: )
Entering state 605
Reducing stack 0 by rule 543 (line 1536):
   $1 = nterm variable_assignment (1.1: )
-> $$ = nterm variable_assignment_list (1.1: )
Entering state 604
Next token is token ';' (1.1: )
Shifting token ';' (1.1: )
Entering state 946
Reducing stack 0 by rule 541 (line 1531):
   $1 = token ASSIGN (1.1: )
   $2 = nterm variable_assignment_list (1.1: )
   $3 = token ';' (1.1: )
-> $$ = nterm continuous_assign (1.1: )
Entering state 317
Reducing stack 0 by rule 86 (line 349):
   $1 = nterm continuous_assign (1.1: )
-> $$ = nterm module_common_item (1.1: )
Entering state 289
Reducing stack 0 by rule 98 (line 372):
   $1 = nterm module_common_item (1.1: )
-> $$ = nterm module_or_generate_item (1.1: )
Entering state 291
Reducing stack 0 by rule 104 (line 385):
   $1 = nterm module_or_generate_item (1.1: )
-> $$ = nterm non_port_module_item (1.1: )
Entering state 333
Reducing stack 0 by rule 111 (line 395):
   $1 = nterm non_port_module_item_list (1.1: )
   $2 = nterm non_port_module_item (1.1: )
-> $$ = nterm non_port_module_item_list (1.1: )
Entering state 170
Reading a token
Next token is token ENDMODULE (1.1: )
Shifting token ENDMODULE (1.1: )
Entering state 332
Reading a token
Next token is token ':' (1.1: )
Shifting token ':' (1.1: )
Entering state 494
Reading a token
Next token is token simple_identifier (1.1: )
Shifting token simple_identifier (1.1: )
Entering state 77
Reducing stack 0 by rule 854 (line 2362):
   $1 = token simple_identifier (1.1: )
-> $$ = nterm identifier (1.1: )
Entering state 843
Reducing stack 0 by rule 1029 (line 2795):
   $1 = token ':' (1.1: )
   $2 = nterm identifier (1.1: )
-> $$ = nterm block_end_identifier_optional (1.1: )
Entering state 620
Reducing stack 0 by rule 13 (line 182):
   $1 = nterm module_ansi_header (1.1: )
   $2 = nterm non_port_module_item_list (1.1: )
   $3 = token ENDMODULE (1.1: )
   $4 = nterm block_end_identifier_optional (1.1: )
-> $$ = nterm module_declaration (1.1: )
Entering state 85
Reducing stack 0 by rule 3 (line 156):
   $1 = nterm module_declaration (1.1: )
-> $$ = nterm description (1.1: )
Entering state 82
Reducing stack 0 by rule 7 (line 165):
   $1 = nterm description_list (1.1: )
   $2 = nterm description (1.1: )
-> $$ = nterm description_list (1.1: )
Entering state 11
Reading a token
Next token is token EXTERN (1.1: )
Shifting token EXTERN (1.1: )
Entering state 24
Reading a token
Next token is token MODULE (1.1: )
Shifting token MODULE (1.1: )
Entering state 23
Reducing stack 0 by rule 16 (line 188):
   $1 = token MODULE (1.1: )
-> $$ = nterm module_keyword (1.1: )
Entering state 86
Reading a token
Next token is token STATIC (1.1: )
Shifting token STATIC (1.1: )
Entering state 33
Reducing stack 0 by rule 221 (line 686):
   $1 = token STATIC (1.1: )
-> $$ = nterm lifetime (1.1: )
Entering state 131
Reducing stack 0 by rule 1031 (line 2800):
   $1 = nterm lifetime (1.1: )
-> $$ = nterm lifetime_optional (1.1: )
Entering state 171
Reading a token
Next token is token simple_identifier (1.1: )
Shifting token simple_identifier (1.1: )
Entering state 77
Reducing stack 0 by rule 854 (line 2362):
   $1 = token simple_identifier (1.1: )
-> $$ = nterm identifier (1.1: )
Entering state 334
Reducing stack 0 by rule 207 (line 655):
-> $$ = nterm package_import_declaration_list (1.1: )
Entering state 621
Reading a token
Next token is token '#' (1.1: )
Shifting token '#' (1.1: )
Entering state 489
Reading a token
Next token is token '(' (1.1: )
Shifting token '(' (1.1: )
Entering state 832
Reading a token
Next token is token INT (1.1: )
Shifting token INT (1.1: )
Entering state 48
Reducing stack 0 by rule 241 (line 735):
   $1 = token INT (1.1: )
-> $$ = nterm integer_atom_type (1.1: )
Entering state 104
Reading a token
Next token is token simple_identifier (1.1: )
Reducing stack 0 by rule 936 (line 2575):
-> $$ = nterm signing_optional (1.1: )
Entering state 179
Reducing stack 0 by rule 924 (line 2554):
   $1 = nterm integer_atom_type (1.1: )
   $2 = nterm signing_optional (1.1: )
-> $$ = nterm data_type_no_identifier (1.1: )
Entering state 117
Reducing stack 0 by rule 228 (line 708):
   $1 = nterm data_type_no_identifier (1.1: )
-> $$ = nterm data_type (1.1: )
Entering state 1173
Reducing stack 0 by rule 232 (line 715):
   $1 = nterm data_type (1.1: )
-> $$ = nterm data_type_or_param (1.1: )
Entering state 1174
Next token is token simple_identifier (1.1: )
Shifting token simple_identifier (1.1: )
Entering state 77
Reducing stack 0 by rule 854 (line 2362):
   $1 = token simple_identifier (1.1: )
-> $$ = nterm identifier (1.1: )
Entering state 224
Reading a token
Next token is token ',' (1.1: )
Reducing stack 0 by rule 312 (line 899):
   $1 = nterm identifier (1.1: )
-> $$ = nterm param_assignment (1.1: )
Entering state 1480
Reducing stack 0 by rule 51 (line 280):
   $1 = nterm data_type_or_param (1.1: )
   $2 = nterm param_assignment (1.1: )
-> $$ = nterm parameter_port_declaration (1.1: )
Entering state 1171
Reducing stack 0 by rule 56 (line 288):
   $1 = nterm parameter_port_declaration (1.1: )
-> $$ = nterm parameter_port_declaration_list (1.1: )
Entering state 1172
Next token is token ',' (1.1: )
Shifting token ',' (1.1: )
Entering state 1478
Reading a token
Next token is token TYPE (1.1: )
Shifting token TYPE (1.1: )
Entering state 1167
Reading a token
Next token is token simple_identifier (1.1: )
Shifting token simple_identifier (1.1: )
Entering state 77
Reducing stack 0 by rule 854 (line 2362):
   $1 = token simple_identifier (1.1: )
-> $$ = nterm identifier (1.1: )
Entering state 222
Reading a token
Next token is token '=' (1.1: )
Shifting token '=' (1.1: )
Entering state 455
Reading a token
Next token is token simple_identifier (1.1: )
Shifting token simple_identifier (1.1: )
Entering state 77
Reducing stack 0 by rule 854 (line 2362):
   $1 = token simple_identifier (1.1: )
-> $$ = nterm identifier (1.1: )
Entering state 115
Reading a token
Next token is token ')' (1.1: )
Reducing stack 0 by rule 904 (line 2511):
-> $$ = nterm unpacked_dimension_list_optional (1.1: )
Entering state 190
Reducing stack 0 by rule 853 (line 2358):
   $1 = nterm identifier (1.1: )
   $2 = nterm unpacked_dimension_list_optional (1.1: )
-> $$ = nterm hierarchical_identifier (1.1: )
Entering state 114
Next token is token ')' (1.1: )
Reducing stack 0 by rule 229 (line 709):
   $1 = nterm hierarchical_identifier (1.1: )
-> $$ = nterm data_type (1.1: )
Entering state 766
Reducing stack 0 by rule 315 (line 908):
   $1 = nterm identifier (1.1: )
   $2 = token '=' (1.1: )
   $3 = nterm data_type (1.1: )
-> $$ = nterm type_assignment (1.1: )
Entering state 1473
Reducing stack 0 by rule 54 (line 283):
   $1 = token TYPE (1.1: )
   $2 = nterm type_assignment (1.1: )
-> $$ = nterm parameter_port_declaration (1.1: )
Entering state 1689
Reducing stack 0 by rule 55 (line 287):
   $1 = nterm parameter_port_declaration_list (1.1: )
   $2 = token ',' (1.1: )
   $3 = nterm parameter_port_declaration (1.1: )
-> $$ = nterm parameter_port_declaration_list (1.1: )
Entering state 1172
Next token is token ')' (1.1: )
Shifting token ')' (1.1: )
Entering state 1479
Reducing stack 0 by rule 47 (line 268):
   $1 = token '#' (1.1: )
   $2 = token '(' (1.1: )
   $3 = nterm parameter_port_declaration_list (1.1: )
   $4 = token ')' (1.1: )
-> $$ = nterm parameter_port_list (1.1: )
Entering state 749
Reducing stack 0 by rule 49 (line 273):
   $1 = nterm parameter_port_list (1.1: )
-> $$ = nterm parameter_port_list_optional (1.1: )
Entering state 974
Reading a token
Next token is token '(' (1.1: )
Shifting token '(' (1.1: )
Entering state 1309
Reading a token
Next token is token INPUT (1.1: )
Shifting token INPUT (1.1: )
Entering state 754
Reducing stack 0 by rule 66 (line 310):
   $1 = token INPUT (1.1: )
-> $$ = nterm port_direction (1.1: )
Entering state 1366
Reading a token
Next token is token INT (1.1: )
Shifting token INT (1.1: )
Entering state 48
Reducing stack 0 by rule 241 (line 735):
   $1 = token INT (1.1: )
-> $$ = nterm integer_atom_type (1.1: )
Entering state 104
Reading a token
Next token is token simple_identifier (1.1: )
Reducing stack 0 by rule 936 (line 2575):
-> $$ = nterm signing_optional (1.1: )
Entering state 179
Reducing stack 0 by rule 924 (line 2554):
   $1 = nterm integer_atom_type (1.1: )
   $2 = nterm signing_optional (1.1: )
-> $$ = nterm data_type_no_identifier (1.1: )
Entering state 117
Reducing stack 0 by rule 228 (line 708):
   $1 = nterm data_type_no_identifier (1.1: )
-> $$ = nterm data_type (1.1: )
Entering state 503
Reducing stack 0 by rule 265 (line 775):
   $1 = nterm data_type (1.1: )
-> $$ = nterm variable_port_type (1.1: )
Entering state 1621
Reducing stack 0 by rule 72 (line 322):
   $1 = nterm port_direction (1.1: )
   $2 = nterm variable_port_type (1.1: )
-> $$ = nterm variable_port_header (1.1: )
Entering state 1368
Next token is token simple_identifier (1.1: )
Shifting token simple_identifier (1.1: )
Entering state 77
Reducing stack 0 by rule 854 (line 2362):
   $1 = token simple_identifier (1.1: )
-> $$ = nterm identifier (1.1: )
Entering state 1623
Reading a token
Next token is token ',' (1.1: )
Reducing stack 0 by rule 908 (line 2521):
-> $$ = nterm variable_dimension_list_optional (1.1: )
Entering state 1794
Next token is token ',' (1.1: )
Reducing stack 0 by rule 77 (line 330):
   $1 = nterm variable_port_header (1.1: )
   $2 = nterm identifier (1.1: )
   $3 = nterm variable_dimension_list_optional (1.1: )
-> $$ = nterm ansi_port_declaration (1.1: )
Entering state 1369
Reducing stack 0 by rule 81 (line 337):
   $1 = nterm ansi_port_declaration (1.1: )
-> $$ = nterm ansi_port_declaration_list (1.1: )
Entering state 1370
Next token is token ',' (1.1: )
Shifting token ',' (1.1: )
Entering state 1624
Reading a token
Next token is token OUTPUT (1.1: )
Shifting token OUTPUT (1.1: )
Entering state 755
Reducing stack 0 by rule 67 (line 311):
   $1 = token OUTPUT (1.1: )
-> $$ = nterm port_direction (1.1: )
Entering state 1366
Reading a token
Next token is token REG (1.1: )
Shifting token REG (1.1: )
Entering state 54
Reducing stack 0 by rule 247 (line 744):
   $1 = token REG (1.1: )
-> $$ = nterm integer_vector_type (1.1: )
Entering state 105
Reading a token
Next token is token simple_identifier (1.1: )
Reducing stack 0 by rule 936 (line 2575):
-> $$ = nterm signing_optional (1.1: )
Entering state 180
Next token is token simple_identifier (1.1: )
Reducing stack 0 by rule 938 (line 2580):
-> $$ = nterm packed_dimension_list_optional (1.1: )
Entering state 360
Reducing stack 0 by rule 923 (line 2553):
   $1 = nterm integer_vector_type (1.1: )
   $2 = nterm signing_optional (1.1: )
   $3 = nterm packed_dimension_list_optional (1.1: )
-> $$ = nterm data_type_no_identifier (1.1: )
Entering state 117
Reducing stack 0 by rule 228 (line 708):
   $1 = nterm data_type_no_identifier (1.1: )
-> $$ = nterm data_type (1.1: )
Entering state 503
Reducing stack 0 by rule 265 (line 775):
   $1 = nterm data_type (1.1: )
-> $$ = nterm variable_port_type (1.1: )
Entering state 1621
Reducing stack 0 by rule 72 (line 322):
   $1 = nterm port_direction (1.1: )
   $2 = nterm variable_port_type (1.1: )
-> $$ = nterm variable_port_header (1.1: )
Entering state 1368
Next token is token simple_identifier (1.1: )
Shifting token simple_identifier (1.1: )
Entering state 77
Reducing stack 0 by rule 854 (line 2362):
   $1 = token simple_identifier (1.1: )
-> $$ = nterm identifier (1.1: )
Entering state 1623
Reading a token
Next token is token ')' (1.1: )
Reducing stack 0 by rule 908 (line 2521):
-> $$ = nterm variable_dimension_list_optional (1.1: )
Entering state 1794
Next token is token ')' (1.1: )
Reducing stack 0 by rule 77 (line 330):
   $1 = nterm variable_port_header (1.1: )
   $2 = nterm identifier (1.1: )
   $3 = nterm variable_dimension_list_optional (1.1: )
-> $$ = nterm ansi_port_declaration (1.1: )
Entering state 1796
Reducing stack 0 by rule 80 (line 336):
   $1 = nterm ansi_port_declaration_list (1.1: )
   $2 = token ',' (1.1: )
   $3 = nterm ansi_port_declaration (1.1: )
-> $$ = nterm ansi_port_declaration_list (1.1: )
Entering state 1370
Next token is token ')' (1.1: )
Shifting token ')' (1.1: )
Entering state 1625
Reducing stack 0 by rule 58 (line 296):
   $1 = token '(' (1.1: )
   $2 = nterm ansi_port_declaration_list (1.1: )
   $3 = token ')' (1.1: )
-> $$ = nterm port_declaration_list (1.1: )
Entering state 1311
Reading a token
Next token is token ';' (1.1: )
Shifting token ';' (1.1: )
Entering state 1581
Reducing stack 0 by rule 11 (line 177):
   $1 = nterm module_keyword (1.1: )
   $2 = nterm lifetime_optional (1.1: )
   $3 = nterm identifier (1.1: )
   $4 = nterm package_import_declaration_list (1.1: )
   $5 = nterm parameter_port_list_optional (1.1: )
   $6 = nterm port_declaration_list (1.1: )
   $7 = token ';' (1.1: )
-> $$ = nterm module_ansi_header (1.1: )
Entering state 128
Reducing stack 0 by rule 15 (line 184):
   $1 = token EXTERN (1.1: )
   $2 = nterm module_ansi_header (1.1: )
-> $$ = nterm module_declaration (1.1: )
Entering state 85
Reducing stack 0 by rule 3 (line 156):
   $1 = nterm module_declaration (1.1: )
-> $$ = nterm description (1.1: )
Entering state 82
Reducing stack 0 by rule 7 (line 165):
   $1 = nterm description_list (1.1: )
   $2 = nterm description (1.1: )
-> $$ = nterm description_list (1.1: )
Entering state 11
Reading a token
Now at end of input.
Reducing stack 0 by rule 1 (line 148):
   $1 = nterm timeunits_declaration_optional (1.1: )
   $2 = nterm description_list (1.1: )
-> $$ = nterm source_text (1.1: )
Entering state 3
Now at end of input.
Shifting token "end of file" (1.1: )
Entering state 10
Cleanup: popping token "end of file" (1.1: )
Cleanup: popping nterm source_text (1.1: )
